------------------------------------------------------------
Timing Analyzer Summary
------------------------------------------------------------

Type  : Slow 1200mV 100C Model Setup 'UART_PLL:UART_PLL_inst|altpll:altpll_component|UART_PLL_altpll:auto_generated|wire_pll1_clk[0]'
Slack : 0.473
TNS   : 0.000

Type  : Slow 1200mV 100C Model Setup 'CLK_100M'
Slack : 2.730
TNS   : 0.000

Type  : Slow 1200mV 100C Model Setup 'altera_reserved_tck'
Slack : 42.863
TNS   : 0.000

Type  : Slow 1200mV 100C Model Hold 'UART_PLL:UART_PLL_inst|altpll:altpll_component|UART_PLL_altpll:auto_generated|wire_pll1_clk[0]'
Slack : 0.311
TNS   : 0.000

Type  : Slow 1200mV 100C Model Hold 'altera_reserved_tck'
Slack : 0.339
TNS   : 0.000

Type  : Slow 1200mV 100C Model Hold 'CLK_100M'
Slack : 0.340
TNS   : 0.000

Type  : Slow 1200mV 100C Model Recovery 'UART_PLL:UART_PLL_inst|altpll:altpll_component|UART_PLL_altpll:auto_generated|wire_pll1_clk[0]'
Slack : 1.968
TNS   : 0.000

Type  : Slow 1200mV 100C Model Recovery 'altera_reserved_tck'
Slack : 94.849
TNS   : 0.000

Type  : Slow 1200mV 100C Model Removal 'altera_reserved_tck'
Slack : 1.063
TNS   : 0.000

Type  : Slow 1200mV 100C Model Removal 'UART_PLL:UART_PLL_inst|altpll:altpll_component|UART_PLL_altpll:auto_generated|wire_pll1_clk[0]'
Slack : 1.616
TNS   : 0.000

Type  : Slow 1200mV 100C Model Minimum Pulse Width 'UART_PLL:UART_PLL_inst|altpll:altpll_component|UART_PLL_altpll:auto_generated|wire_pll1_clk[0]'
Slack : 1.597
TNS   : 0.000

Type  : Slow 1200mV 100C Model Minimum Pulse Width 'CLK_100M'
Slack : 4.650
TNS   : 0.000

Type  : Slow 1200mV 100C Model Minimum Pulse Width 'altera_reserved_tck'
Slack : 49.480
TNS   : 0.000

Type  : Slow 1200mV -40C Model Setup 'UART_PLL:UART_PLL_inst|altpll:altpll_component|UART_PLL_altpll:auto_generated|wire_pll1_clk[0]'
Slack : 1.035
TNS   : 0.000

Type  : Slow 1200mV -40C Model Setup 'CLK_100M'
Slack : 3.507
TNS   : 0.000

Type  : Slow 1200mV -40C Model Setup 'altera_reserved_tck'
Slack : 43.599
TNS   : 0.000

Type  : Slow 1200mV -40C Model Hold 'UART_PLL:UART_PLL_inst|altpll:altpll_component|UART_PLL_altpll:auto_generated|wire_pll1_clk[0]'
Slack : 0.249
TNS   : 0.000

Type  : Slow 1200mV -40C Model Hold 'CLK_100M'
Slack : 0.290
TNS   : 0.000

Type  : Slow 1200mV -40C Model Hold 'altera_reserved_tck'
Slack : 0.290
TNS   : 0.000

Type  : Slow 1200mV -40C Model Recovery 'UART_PLL:UART_PLL_inst|altpll:altpll_component|UART_PLL_altpll:auto_generated|wire_pll1_clk[0]'
Slack : 2.315
TNS   : 0.000

Type  : Slow 1200mV -40C Model Recovery 'altera_reserved_tck'
Slack : 95.474
TNS   : 0.000

Type  : Slow 1200mV -40C Model Removal 'altera_reserved_tck'
Slack : 0.958
TNS   : 0.000

Type  : Slow 1200mV -40C Model Removal 'UART_PLL:UART_PLL_inst|altpll:altpll_component|UART_PLL_altpll:auto_generated|wire_pll1_clk[0]'
Slack : 1.404
TNS   : 0.000

Type  : Slow 1200mV -40C Model Minimum Pulse Width 'UART_PLL:UART_PLL_inst|altpll:altpll_component|UART_PLL_altpll:auto_generated|wire_pll1_clk[0]'
Slack : 1.667
TNS   : 0.000

Type  : Slow 1200mV -40C Model Minimum Pulse Width 'CLK_100M'
Slack : 4.667
TNS   : 0.000

Type  : Slow 1200mV -40C Model Minimum Pulse Width 'altera_reserved_tck'
Slack : 49.491
TNS   : 0.000

Type  : Fast 1200mV -40C Model Setup 'UART_PLL:UART_PLL_inst|altpll:altpll_component|UART_PLL_altpll:auto_generated|wire_pll1_clk[0]'
Slack : 3.340
TNS   : 0.000

Type  : Fast 1200mV -40C Model Setup 'CLK_100M'
Slack : 7.150
TNS   : 0.000

Type  : Fast 1200mV -40C Model Setup 'altera_reserved_tck'
Slack : 47.424
TNS   : 0.000

Type  : Fast 1200mV -40C Model Hold 'CLK_100M'
Slack : -0.001
TNS   : -0.001

Type  : Fast 1200mV -40C Model Hold 'UART_PLL:UART_PLL_inst|altpll:altpll_component|UART_PLL_altpll:auto_generated|wire_pll1_clk[0]'
Slack : 0.133
TNS   : 0.000

Type  : Fast 1200mV -40C Model Hold 'altera_reserved_tck'
Slack : 0.139
TNS   : 0.000

Type  : Fast 1200mV -40C Model Recovery 'UART_PLL:UART_PLL_inst|altpll:altpll_component|UART_PLL_altpll:auto_generated|wire_pll1_clk[0]'
Slack : 3.725
TNS   : 0.000

Type  : Fast 1200mV -40C Model Recovery 'altera_reserved_tck'
Slack : 97.534
TNS   : 0.000

Type  : Fast 1200mV -40C Model Removal 'altera_reserved_tck'
Slack : 0.442
TNS   : 0.000

Type  : Fast 1200mV -40C Model Removal 'UART_PLL:UART_PLL_inst|altpll:altpll_component|UART_PLL_altpll:auto_generated|wire_pll1_clk[0]'
Slack : 0.652
TNS   : 0.000

Type  : Fast 1200mV -40C Model Minimum Pulse Width 'UART_PLL:UART_PLL_inst|altpll:altpll_component|UART_PLL_altpll:auto_generated|wire_pll1_clk[0]'
Slack : 2.224
TNS   : 0.000

Type  : Fast 1200mV -40C Model Minimum Pulse Width 'CLK_100M'
Slack : 3.531
TNS   : 0.000

Type  : Fast 1200mV -40C Model Minimum Pulse Width 'altera_reserved_tck'
Slack : 49.250
TNS   : 0.000

------------------------------------------------------------
